<html>
<body>
<pre>
<h1>µVision Build Log</h1>
<h2>Tool Versions:</h2>
IDE-Version: •ÏVision V5.18.0.0
Copyright (C) 2016 ARM Ltd and ARM Germany GmbH. All rights reserved.
License Information: - - - Flex license: MDK-ARM Standard Cortex-M only: 27 user(s) (mdk_cm_std) Support: Jan 2016
 
Tool Versions:
Toolchain:       MDK-ARM Standard Cortex-M only: 27 user(s)  Version: 5.18
Toolchain Path:  C:\Keil_v5\ARM\ARMCC\Bin
C Compiler:      Armcc.exe V5.06 update 1 (build 61)
Assembler:       Armasm.exe V5.06 update 1 (build 61)
Linker/Locator:  ArmLink.exe V5.06 update 1 (build 61)
Library Manager: ArmAr.exe V5.06 update 1 (build 61)
Hex Converter:   FromElf.exe V5.06 update 1 (build 61)
CPU DLL:         SARMCM3.DLL V5.18
Dialog DLL:      DCM.DLL V1.13.6.0
Target DLL:      UL2CM3.DLL V1.157.5.0
Dialog DLL:      TCM.DLL V1.14.8.0
 
<h2>Project:</h2>
C:\Users\ikhee\Desktop\07_FreeRTOS\Lab7\FreeRTOS_ThreadCreation\MDK-ARM\Project.uvprojx
Project File Date:  02/26/2015

<h2>Output:</h2>
*** Using Compiler 'V5.06 update 1 (build 61)', folder: 'C:\Keil_v5\ARM\ARMCC\Bin'
Build target 'STM324x9I_EVAL'
compiling main.c...
..\Src\main.c(65): warning:  #177-D: variable "b" was declared but never referenced
    int a = 0, b = 1;
..\Src\main.c(66): warning:  #177-D: variable "i" was declared but never referenced
    int i;
..\Src\main.c: 2 warnings, 0 errors
linking...
Program Size: Code=12384 RO-data=500 RW-data=176 ZI-data=27240  
"STM324x9I_EVAL\STM324x9I_EVAL.axf" - 0 Error(s), 2 Warning(s).

<h2>Collection of Component include folders:</h2>
  C:\Users\ikhee\Desktop\07_FreeRTOS\Lab7\FreeRTOS_ThreadCreation\MDK-ARM\RTE
  C:\Keil_v5\ARM\PACK\Keil\STM32F4xx_DFP\2.7.0\Drivers\CMSIS\Device\ST\STM32F4xx\Include

<h2>Collection of Component Files used:</h2>
Build Time Elapsed:  00:00:01
</pre>
</body>
</html>
